// Jest Snapshot v1, https://goo.gl/fbAQLP

exports[`EditListingDescriptionForm matches snapshot 1`] = `
<form
  action="/"
  className=""
  method="post"
  onSubmit={[Function]}
>
  <div
    className=""
  >
    <label
      htmlFor="fakeTestForm.title"
    >
      The name of your sauna
    </label>
    <input
      autoFocus={true}
      className=""
      id="fakeTestForm.title"
      maxLength={60}
      name="title"
      onBlur={[Function]}
      onChange={[Function]}
      onDragStart={[Function]}
      onDrop={[Function]}
      onFocus={[Function]}
      placeholder="What's the name of your sauna?"
      type="text"
      value=""
    />
  </div>
  <div
    className=""
  >
    <label
      htmlFor="fakeTestForm.description"
    >
      Describe your sauna
    </label>
    <textarea
      className="undefined"
      id="fakeTestForm.description"
      name="description"
      onBlur={[Function]}
      onChange={[Function]}
      onDragStart={[Function]}
      onDrop={[Function]}
      onFocus={[Function]}
      placeholder="How many people can fit at once? Does the sauna come with towels?"
      value=""
    />
  </div>
  <button
    className=""
    disabled={true}
    type="submit"
  >
    Save description
  </button>
</form>
`;
