exports[`EditListingDescriptionForm matches snapshot 1`] = `
<form
  className=""
  onSubmit={[Function]}>
  <div
    className="">
    <label
      htmlFor="title">
      Name of your sauna
    </label>
    <input
      autoFocus={true}
      className=""
      name="title"
      onBlur={[Function]}
      onChange={[Function]}
      onDragStart={[Function]}
      onDrop={[Function]}
      onFocus={[Function]}
      placeholder="What\'s the name of your sauna?"
      type="text"
      value="" />
  </div>
  <div
    className="">
    <label
      htmlFor="description">
      Describe your sauna
    </label>
    <textarea
      autoFocus={false}
      className=""
      name="description"
      onBlur={[Function]}
      onChange={[Function]}
      onDragStart={[Function]}
      onDrop={[Function]}
      onFocus={[Function]}
      placeholder=" "
      value="" />
  </div>
  <button
    className=""
    disabled={true}
    type="submit">
    Next: location
  </button>
</form>
`;
