exports[`EditListingForm matches snapshot 1`] = `
<Connect(Form(InjectIntl(EditListingForm)))
  destroyOnUnmount={true}
  enableReinitialize={false}
  forceUnregisterOnUnmount={false}
  form="EditListingForm"
  getFormState={[Function]}
  images={Array []}
  keepDirtyOnReinitialize={false}
  onImageUpload={[Function]}
  onSubmit={[Function]}
  onUpdateImageOrder={[Function]}
  persistentSubmitErrors={false}
  pure={true}
  shouldAsyncValidate={[Function]}
  shouldValidate={[Function]}
  touchOnBlur={true}
  touchOnChange={false} />
`;
