exports[`SecurityPage matches snapshot 1`] = `
<div
  className="">
  <div
    className={undefined}>
    <a
      className=""
      href="/"
      onClick={[Function]}
      style={Object {}}>
      Home
    </a>
    <a
      className=""
      href="/s"
      onClick={[Function]}
      style={Object {}}>
      Search
    </a>
    <a
      className=""
      href="/l/Bike-Pelago/12345"
      onClick={[Function]}
      style={Object {}}>
      Listing page
    </a>
    <a
      className=""
      href="/u/Bikerrs"
      onClick={[Function]}
      style={Object {}}>
      Profile
    </a>
    <a
      className=""
      href="/u/Bikerrs/edit"
      onClick={[Function]}
      style={Object {}}>
      Edit profile
    </a>
    <a
      className=""
      href="/checkout/lid1234"
      onClick={[Function]}
      style={Object {}}>
      Checkout
    </a>
    <a
      className=""
      href="/inbox"
      onClick={[Function]}
      style={Object {}}>
      Inbox
    </a>
    <a
      className=""
      href="/orders"
      onClick={[Function]}
      style={Object {}}>
      Orders
    </a>
    <a
      className=""
      href="/sales"
      onClick={[Function]}
      style={Object {}}>
      Sales
    </a>
    <a
      className=""
      href="/password/forgotten"
      onClick={[Function]}
      style={Object {}}>
      Request password
    </a>
    <a
      className=""
      href="/password/change"
      onClick={[Function]}
      style={Object {}}>
      Change password
    </a>
    <a
      className=""
      href="/listings"
      onClick={[Function]}
      style={Object {}}>
      Manage listings
    </a>
    <a
      className=""
      href="/account"
      onClick={[Function]}
      style={Object {}}>
      Account settings
    </a>
    <a
      className=""
      href="/account/contact-details"
      onClick={[Function]}
      style={Object {}}>
      Contact details
    </a>
    <a
      className=""
      href="/account/payout-preferences"
      onClick={[Function]}
      style={Object {}}>
      Payout preferences
    </a>
    <a
      className=""
      href="/account/security"
      onClick={[Function]}
      style={Object {}}>
      Security
    </a>
  </div>
  <h1>
    Security
  </h1>
  <form
    onSubmit={[Function]}>
    <label
      htmlFor="newPassword1">
      New password
    </label>
    <input
      name="newPassword1"
      onBlur={[Function]}
      onChange={[Function]}
      onDragStart={[Function]}
      onDrop={[Function]}
      onFocus={[Function]}
      type="password"
      value="" />
    <label
      htmlFor="newPassword2">
      New password, again
    </label>
    <input
      name="newPassword2"
      onBlur={[Function]}
      onChange={[Function]}
      onDragStart={[Function]}
      onDrop={[Function]}
      onFocus={[Function]}
      type="password"
      value="" />
    <label
      htmlFor="password">
      Current password
    </label>
    <input
      name="password"
      onBlur={[Function]}
      onChange={[Function]}
      onDragStart={[Function]}
      onDrop={[Function]}
      onFocus={[Function]}
      type="password"
      value="" />
    <p>
      Delete account (module)
    </p>
    <button
      disabled={true}
      type="submit">
      Save changes
    </button>
  </form>
</div>
`;
