// Jest Snapshot v1, https://goo.gl/fbAQLP

exports[`SearchPageComponent matches snapshot 1`] = `
<Page
  description="SearchPage.schemaDescription"
  schema={
    Object {
      "@context": "http://schema.org",
      "@type": "SearchResultsPage",
      "description": "SearchPage.schemaDescription",
      "mainEntity": Array [
        "{\\"@type\\":\\"ItemList\\",\\"name\\":\\"SearchPage.schemaMapSearch\\",\\"itemListOrder\\":\\"http://schema.org/ItemListOrderAscending\\",\\"itemListElement\\":[]}",
      ],
      "name": "SearchPage.schemaTitle",
    }
  }
  scrollingDisabled={false}
  title="SearchPage.schemaTitle"
>
  <withRouter(Connect(TopbarContainerComponent)) />
  <div>
    <div>
      <withRouter(InjectIntl(SearchFiltersComponent))
        categories={
          Array [
            Object {
              "key": "cat1",
              "label": "Cat 1",
            },
            Object {
              "key": "cat2",
              "label": "Cat 2",
            },
          ]
        }
        features={
          Array [
            Object {
              "key": "towels",
              "label": "Towels",
            },
            Object {
              "key": "bathroom",
              "label": "Bathroom",
            },
            Object {
              "key": "swimming_pool",
              "label": "Swimming pool",
            },
            Object {
              "key": "own_drinks",
              "label": "Own drinks allowed",
            },
            Object {
              "key": "jacuzzi",
              "label": "Jacuzzi",
            },
            Object {
              "key": "audiovisual_entertainment",
              "label": "Audiovisual entertainment",
            },
            Object {
              "key": "barbeque",
              "label": "Barbeque",
            },
            Object {
              "key": "own_food_allowed",
              "label": "Own food allowed",
            },
          ]
        }
        listingsAreLoaded={true}
        onManageDisableScrolling={[Function]}
        onMapIconClick={[Function]}
        resultsCount={22}
        searchInProgress={false}
        searchListingsError={null}
        urlQueryParams={
          Object {
            "address": undefined,
            "bounds": undefined,
            "origin": undefined,
            "pub_category": undefined,
            "pub_features": undefined,
          }
        }
      />
      <InjectIntl(withRouter(SearchFiltersMobileComponent))
        categories={
          Array [
            Object {
              "key": "cat1",
              "label": "Cat 1",
            },
            Object {
              "key": "cat2",
              "label": "Cat 2",
            },
          ]
        }
        listingsAreLoaded={true}
        onCloseModal={[Function]}
        onManageDisableScrolling={[Function]}
        onMapIconClick={[Function]}
        onOpenModal={[Function]}
        resultsCount={22}
        searchInProgress={false}
        searchListingsError={null}
        showAsModalMaxWidth={768}
        urlQueryParams={
          Object {
            "address": undefined,
            "bounds": undefined,
            "origin": undefined,
            "pub_category": undefined,
            "pub_features": undefined,
          }
        }
      />
      <div
        className=""
      >
        <SearchResultsPanel
          className={null}
          listings={Array []}
          pagination={
            Object {
              "page": 1,
              "perPage": 12,
              "totalItems": 22,
              "totalPages": 2,
            }
          }
          rootClassName={null}
          search={Object {}}
        />
      </div>
    </div>
    <withViewport(ModalInMobileComponent)
      id="SearchPage.map"
      isModalOpenOnMobile={false}
      onClose={[Function]}
      onManageDisableScrolling={[Function]}
      showAsModalMaxWidth={768}
    >
      <div>
        <SearchMapComponent
          bounds={null}
          center={
            LatLng {
              "lat": 0,
              "lng": 0,
            }
          }
          className={null}
          coordinatesConfig={
            Object {
              "circleOptions": Object {
                "fillColor": "#c0392b",
                "fillOpacity": 0.2,
                "strokeColor": "#c0392b",
                "strokeWeight": 0.5,
              },
              "circleRadius": 500,
              "fuzzy": false,
              "fuzzyDefaultZoomLevel": 14,
            }
          }
          isOpenOnModal={false}
          listings={Array []}
          mapRootClassName={null}
          onCloseAsModal={[Function]}
          onIdle={[Function]}
          rootClassName={null}
          useLocationSearchBounds={true}
          zoom={11}
        />
      </div>
    </withViewport(ModalInMobileComponent)>
  </div>
</Page>
`;
