// Jest Snapshot v1, https://goo.gl/fbAQLP

exports[`ContactDetailsPage matches snapshot 1`] = `
<Page
  authInfoError={null}
  logoutError={null}
  scrollingDisabled={false}
  title="Profile settings"
>
  <Connect(withRouter(TopbarContainerComponent))
    currentPage="ProfileSettingsPage"
  />
  <UserNav
    className={null}
    rootClassName={null}
    selectedPageName="ProfileSettingsPage"
  />
  <div>
    <h1>
      <FormattedMessage
        id="ProfileSettingsPage.title"
        values={Object {}}
      />
    </h1>
  </div>
</Page>
`;
