// Jest Snapshot v1, https://goo.gl/fbAQLP

exports[`DateInput matches snapshot 1`] = `
<div
  className=""
>
  <div
    className="SingleDatePicker"
  >
    <div>
      <div
        className="SingleDatePickerInput"
      >
        <div
          className="DateInput DateInput--open-down"
        >
          <input
            aria-describedby="DateInput__screen-reader-message-DateInputField_DateInputComponent_someDate"
            aria-label="Date input"
            autoComplete="off"
            className="DateInput__input needsclick"
            disabled={false}
            id="DateInputField_DateInputComponent_someDate"
            name="DateInputField_DateInputComponent_someDate"
            onChange={[Function]}
            onFocus={[Function]}
            onKeyDown={[Function]}
            placeholder="Date input"
            readOnly={false}
            required={false}
            type="text"
            value=""
          />
          <p
            className="screen-reader-only"
            id="DateInput__screen-reader-message-DateInputField_DateInputComponent_someDate"
          >
            Date input
          </p>
          <div
            className="DateInput__display-text"
          >
            Date input
          </div>
        </div>
      </div>
    </div>
  </div>
</div>
`;
