// Jest Snapshot v1, https://goo.gl/fbAQLP

exports[`ActivityFeed matches snapshot 1`] = `
<ul
  className=""
>
  <li
    className={undefined}
  >
    <div
      className={undefined}
    >
      <div
        className={undefined}
      >
        <p
          className={undefined}
        >
          •
        </p>
      </div>
      <div>
        <p
          className={undefined}
        />
        <p
          className={undefined}
        />
      </div>
    </div>
  </li>
  <li
    className={undefined}
  >
    <div
      className={undefined}
    >
      <div
        className={undefined}
      >
        <p
          className={undefined}
        >
          •
        </p>
      </div>
      <div>
        <p
          className={undefined}
        />
        <p
          className={undefined}
        />
      </div>
    </div>
  </li>
  <li
    className={undefined}
    id="msg-msg1"
  >
    <div
      className={undefined}
    >
      <a
        className=""
        href="/u/user1"
        onClick={[Function]}
        style={Object {}}
        title="user1 display name"
      >
        <span
          className={undefined}
        >
          TT
        </span>
      </a>
      <div>
        <p
          className={undefined}
        >
          Message msg1
          
          Lorem ipsum dolor sit amet, consectetur adipiscing elit, sed do eiusmod tempor incididunt ut labore et dolore magna aliqua.
        </p>
        <p
          className={undefined}
        >
          2017-11-09, 08:12
        </p>
      </div>
    </div>
  </li>
  <li
    className={undefined}
    id="msg-msg2"
  >
    <div
      className={undefined}
    >
      <div
        className={undefined}
      >
        <p
          className={undefined}
        >
          Message msg2
          
          Lorem ipsum dolor sit amet, consectetur adipiscing elit, sed do eiusmod tempor incididunt ut labore et dolore magna aliqua.
        </p>
      </div>
      <p
        className={undefined}
      >
        2017-11-09, 08:12
      </p>
    </div>
  </li>
</ul>
`;
