exports[`EditListingPhotosForm matches snapshot 1`] = `
<form
  className=""
  onSubmit={[Function]}>
  <AddImages
    className={null}
    images={Array []}
    onSortEnd={[Function]}>
    <Field
      accept="image/*"
      component={[Function]}
      label="+ Add image"
      name="addImage"
      onChange={[Function]}
      type="file" />
    <Field
      component={[Function]}
      name="images"
      type="hidden"
      validate={
        Array [
          [Function],
        ]
      } />
  </AddImages>
  <Button
    className={null}
    rootClassName={null}
    type="submit">
    Publish listing
  </Button>
</form>
`;
