exports[`EditListingPhotosForm matches snapshot 1`] = `
<form
  className=""
  onSubmit={[Function]}>
  <AddImages
    className={null}
    images={Array []}
    onSortEnd={[Function]}>
    <Field
      accept="image/*"
      component={[Function]}
      id="EditListingPhotosForm.AddImages"
      label={
        <span>
          <span>
            <FormattedMessage
              id="EditListingPhotosForm.chooseImage"
              values={Object {}} />
          </span>
          <span>
            <FormattedMessage
              id="EditListingPhotosForm.imageTypes"
              values={Object {}} />
          </span>
        </span>
      }
      name="addImage"
      onChange={[Function]}
      type="file" />
    <Field
      component={[Function]}
      name="images"
      type="hidden"
      validate={
        Array [
          [Function],
        ]
      } />
  </AddImages>
  <p>
    <FormattedMessage
      id="EditListingPhotosForm.addImagesTip"
      values={Object {}} />
  </p>
  <Component
    type="submit">
    Publish listing
  </Component>
</form>
`;
