// Jest Snapshot v1, https://goo.gl/fbAQLP

exports[`EditListingPhotosForm matches snapshot 1`] = `
<Form
  className=""
  contentRef={null}
  onSubmit={[Function]}
>
  <AddImages
    className={null}
    images={Array []}
    onRemoveImage={[Function]}
    onSortEnd={[Function]}
    savedImageAltText="EditListingPhotosForm.savedImageAltText"
    thumbnailClassName={null}
  >
    <Field
      accept="image/*"
      component={[Function]}
      disabled={false}
      id="EditListingPhotosForm.AddImages"
      label={
        <span>
          <span>
            <FormattedMessage
              id="EditListingPhotosForm.chooseImage"
              values={Object {}}
            />
          </span>
          <span>
            <FormattedMessage
              id="EditListingPhotosForm.imageTypes"
              values={Object {}}
            />
          </span>
        </span>
      }
      name="addImage"
      onChange={[Function]}
      type="file"
    />
    <Field
      component={[Function]}
      name="images"
      type="hidden"
      validate={
        Array [
          [Function],
        ]
      }
    />
  </AddImages>
  <p>
    <FormattedMessage
      id="EditListingPhotosForm.addImagesTip"
      values={Object {}}
    />
  </p>
  <Button
    className={null}
    disabled={false}
    inProgress={false}
    ready={false}
    rootClassName={null}
    type="submit"
  >
    Save photos
  </Button>
</Form>
`;
