exports[`BookingDatesForm matches snapshot 1`] = `
<form
  onSubmit={[Function]}>
  <Field
    component={[Function]}
    format={null}
    labelMessage="BookingDatesForm.bookingStartTitle"
    name="bookingStart"
    placeholder="BookingDatesForm.placeholder"
    validate={
      Array [
        [Function],
      ]
    } />
  <Field
    component={[Function]}
    format={null}
    labelMessage="BookingDatesForm.bookingEndTitle"
    name="bookingEnd"
    placeholder="BookingDatesForm.placeholder"
    validate={
      Array [
        [Function],
      ]
    } />
  <BookingInfo
    unitPrice={
      Money {
        "amount": 1099,
        "currency": "USD",
      }
    } />
  <p>
    <FormattedMessage
      id="BookingDatesForm.youWontBeChargedInfo"
      values={Object {}} />
  </p>
  <Button
    className={null}
    disabled={true}
    rootClassName=""
    type="submit">
    <FormattedMessage
      id="BookingDatesForm.requestToBook"
      values={Object {}} />
  </Button>
</form>
`;
