exports[`SalePage matches snapshot 1`] = `
<Connect(withRouter(PageLayout))
  title="SalePage.title">
  <SaleDetailsPanel
    booking={
      Object {
        "attributes": Object {
          "end": 2017-06-13T00:00:00.000Z,
          "start": 2017-06-10T00:00:00.000Z,
        },
        "id": UUID {
          "uuid": "booking1",
        },
        "type": "booking",
      }
    }
    className="undefined"
    commission={
      Money {
        "amount": 100,
        "currency": "USD",
      }
    }
    customer={
      Object {
        "attributes": Object {
          "profile": Object {
            "firstName": "customer1 first name",
            "lastName": "customer1 last name",
          },
        },
        "id": UUID {
          "uuid": "customer1",
        },
        "type": "user",
      }
    }
    lastTransitionedAt={2017-06-01T00:00:00.000Z}
    listing={
      Object {
        "attributes": Object {
          "address": "listing1 address",
          "description": "listing1 description",
          "geolocation": LatLng {
            "lat": 40,
            "lng": 60,
          },
          "price": Money {
            "amount": 5500,
            "currency": "USD",
          },
          "title": "listing1 title",
        },
        "author": null,
        "id": UUID {
          "uuid": "listing1",
        },
        "images": Array [],
        "type": "listing",
      }
    }
    saleState="state/preauthorized"
    subtotalPrice={
      Money {
        "amount": 1000,
        "currency": "USD",
      }
    } />
  <div>
    <Button
      className={null}
      onClick={[Function]}
      rootClassName="">
      <FormattedMessage
        id="SalePage.rejectButton"
        values={Object {}} />
    </Button>
    <Button
      className={null}
      onClick={[Function]}
      rootClassName="">
      <FormattedMessage
        id="SalePage.acceptButton"
        values={Object {}} />
    </Button>
  </div>
</Connect(withRouter(PageLayout))>
`;
