exports[`OrderPage matches snapshot 1`] = `
<div
  className="">
  <div
    className={undefined}>
    <a
      className=""
      href="/"
      onClick={[Function]}
      style={Object {}}>
      Home
    </a>
    <a
      className=""
      href="/s"
      onClick={[Function]}
      style={Object {}}>
      Search
    </a>
    <a
      className=""
      href="/l/Bike-Pelago/12345"
      onClick={[Function]}
      style={Object {}}>
      Listing page
    </a>
    <a
      className=""
      href="/u/Bikerrs"
      onClick={[Function]}
      style={Object {}}>
      Profile
    </a>
    <a
      className=""
      href="/u/Bikerrs/edit"
      onClick={[Function]}
      style={Object {}}>
      Edit profile
    </a>
    <a
      className=""
      href="/checkout/lid1234"
      onClick={[Function]}
      style={Object {}}>
      Checkout
    </a>
    <a
      className=""
      href="/inbox"
      onClick={[Function]}
      style={Object {}}>
      Inbox
    </a>
    <a
      className=""
      href="/orders"
      onClick={[Function]}
      style={Object {}}>
      Orders
    </a>
    <a
      className=""
      href="/sales"
      onClick={[Function]}
      style={Object {}}>
      Sales
    </a>
    <a
      className=""
      href="/password/forgotten"
      onClick={[Function]}
      style={Object {}}>
      Request password
    </a>
    <a
      className=""
      href="/password/change"
      onClick={[Function]}
      style={Object {}}>
      Change password
    </a>
    <a
      className=""
      href="/listings"
      onClick={[Function]}
      style={Object {}}>
      Manage listings
    </a>
    <a
      className=""
      href="/account"
      onClick={[Function]}
      style={Object {}}>
      Account settings
    </a>
    <a
      className=""
      href="/account/contact-details"
      onClick={[Function]}
      style={Object {}}>
      Contact details
    </a>
    <a
      className=""
      href="/account/payout-preferences"
      onClick={[Function]}
      style={Object {}}>
      Payout preferences
    </a>
    <a
      className=""
      href="/account/security"
      onClick={[Function]}
      style={Object {}}>
      Security
    </a>
  </div>
  <h1>
    Your Banyan Studios booking is confirmed!
  </h1>
  <a
    className=""
    href="/order/1234/details"
    onClick={[Function]}
    style={
      Object {
        "marginRight": "2rem",
      }
    }>
    Booking details
  </a>
  <a
    className=""
    href="/order/1234/discussion"
    onClick={[Function]}
    style={Object {}}>
    Discussion
  </a>
  <div
    className="undefined">
    <img
      alt="Banyan Studios"
      src="http://placehold.it/750x470"
      style={
        Object {
          "width": "100%",
        }
      } />
    <h3>
      Banyan Studios
    </h3>
    <div>
      <p>
        350 5th Avenue
      </p>
      <p>
        New York, NY 10118
      </p>
      <p>
        +1 432 43184910
      </p>
      <p>
        Get directions
      </p>
    </div>
    <p>
      Confirmation code 
      X2587X
    </p>
    <dl>
      <dt>
        Price per day:
      </dt>
      <dd>
        55€
      </dd>
      <dt>
        Booking period:
      </dt>
      <dd>
        Jan 2nd - Jan 4th, 3 days
      </dd>
      <dt>
        Total
      </dt>
      <dd>
        165€
      </dd>
    </dl>
    <p>
      Cancel booking
    </p>
    <a
      className=""
      href="/order/1234/discussion"
      onClick={[Function]}
      style={Object {}}>
      You have a new message!
    </a>
  </div>
  <div
    className="">
    <ul>
      <li>
        <span
          className={undefined}>
          2017-02-26T00:00:00.000Z
        </span>
        <div
          className={undefined}>
          Lorem ipsum dolor sit amet, consectetur adipiscing elit. Phasellus ac tellus ornare, tempor lacus quis, imperdiet lectus. Morbi suscipit semper nisl at lacinia. Vestibulum malesuada mattis nisl, et venenatis enim volutpat sit amet. Nulla laoreet feugiat gravida. Fusce ultricies nisl quis aliquet ullamcorper. Nulla congue risus metus.
        </div>
        <span
          className={undefined}>
          John
        </span>
      </li>
    </ul>
    <form
      className={undefined}
      onSubmit={[Function]}>
      <input
        autoFocus={true}
        className={undefined}
        onChange={[Function]}
        type="text"
        value="" />
      <button
        className={undefined}
        type="submit">
        Send
      </button>
    </form>
  </div>
</div>
`;
