exports[`OrderPage matches snapshot 1`] = `
<Connect(withRouter(PageLayout))
  title="Your Banyan Studios booking is confirmed!">
  <withFlattenedRoutes(NamedLink)
    name="OrderDetailsPage"
    params={
      Object {
        "id": 1234,
      }
    }
    style={
      Object {
        "marginRight": "2rem",
      }
    }>
    Booking details
  </withFlattenedRoutes(NamedLink)>
  <withFlattenedRoutes(NamedLink)
    name="OrderDiscussionPage"
    params={
      Object {
        "id": 1234,
      }
    }>
    Discussion
  </withFlattenedRoutes(NamedLink)>
  <OrderDetailsPanel
    className="undefined"
    confirmationCode="X2587X"
    contact={
      Object {
        "addressLine1": "350 5th Avenue",
        "addressLine2": "New York, NY 10118",
        "phoneNumber": "+1 432 43184910",
      }
    }
    imageUrl="http://placehold.it/750x470"
    info={
      Object {
        "bookingDuration": "3 days",
        "bookingPeriod": "Jan 2nd - Jan 4th",
        "pricePerDay": "55€",
        "total": "165€",
      }
    }
    orderId={1234}
    title="Banyan Studios" />
  <OrderDiscussionPanel
    className="" />
</Connect(withRouter(PageLayout))>
`;
