exports[`SignupForm matches snapshot 1`] = `
<form
  className={undefined}
  onSubmit={[Function]}>
  <div>
    <div
      className="">
      <label
        htmlFor="email">
        Email
      </label>
      <input
        autoFocus={false}
        className=""
        name="email"
        onBlur={[Function]}
        onChange={[Function]}
        onDragStart={[Function]}
        onDrop={[Function]}
        onFocus={[Function]}
        placeholder={null}
        type="email"
        value="" />
    </div>
    <div
      className={undefined}>
      <div
        className="">
        <label
          htmlFor="firstName">
          First name
        </label>
        <input
          autoFocus={false}
          className=""
          name="firstName"
          onBlur={[Function]}
          onChange={[Function]}
          onDragStart={[Function]}
          onDrop={[Function]}
          onFocus={[Function]}
          placeholder={null}
          type="text"
          value="" />
      </div>
      <div
        className="">
        <label
          htmlFor="lastName">
          Last name
        </label>
        <input
          autoFocus={false}
          className=""
          name="lastName"
          onBlur={[Function]}
          onChange={[Function]}
          onDragStart={[Function]}
          onDrop={[Function]}
          onFocus={[Function]}
          placeholder={null}
          type="text"
          value="" />
      </div>
    </div>
    <div
      className="">
      <label
        htmlFor="password">
        Password
      </label>
      <input
        autoFocus={false}
        className=""
        name="password"
        onBlur={[Function]}
        onChange={[Function]}
        onDragStart={[Function]}
        onDrop={[Function]}
        onFocus={[Function]}
        placeholder={null}
        type="password"
        value="" />
    </div>
  </div>
  <div>
    <button
      className=""
      disabled={true}
      type="submit">
      <span>
        Sign up
      </span>
    </button>
  </div>
</form>
`;
