// Jest Snapshot v1, https://goo.gl/fbAQLP

exports[`SignupForm matches snapshot 1`] = `
<form
  action="/"
  className=""
  method="post"
  onSubmit={[Function]}
>
  <div>
    <div
      className=""
    >
      <label
        htmlFor="SignupForm.email"
      >
        SignupForm.emailLabel
      </label>
      <input
        autoComplete="email"
        className=""
        id="SignupForm.email"
        name="email"
        onBlur={[Function]}
        onChange={[Function]}
        onDragStart={[Function]}
        onDrop={[Function]}
        onFocus={[Function]}
        placeholder="SignupForm.emailPlaceholder"
        type="email"
        value=""
      />
    </div>
    <div
      className={undefined}
    >
      <div
        className=""
      >
        <label
          htmlFor="SignupForm.fname"
        >
          SignupForm.firstNameLabel
        </label>
        <input
          autoComplete="given-name"
          className=""
          id="SignupForm.fname"
          name="fname"
          onBlur={[Function]}
          onChange={[Function]}
          onDragStart={[Function]}
          onDrop={[Function]}
          onFocus={[Function]}
          placeholder="SignupForm.firstNamePlaceholder"
          type="text"
          value=""
        />
      </div>
      <div
        className=""
      >
        <label
          htmlFor="SignupForm.lname"
        >
          SignupForm.lastNameLabel
        </label>
        <input
          autoComplete="family-name"
          className=""
          id="SignupForm.lname"
          name="lname"
          onBlur={[Function]}
          onChange={[Function]}
          onDragStart={[Function]}
          onDrop={[Function]}
          onFocus={[Function]}
          placeholder="SignupForm.lastNamePlaceholder"
          type="text"
          value=""
        />
      </div>
    </div>
    <div
      className=""
    >
      <label
        htmlFor="SignupForm.password"
      >
        SignupForm.passwordLabel
      </label>
      <input
        autoComplete="new-password"
        className=""
        id="SignupForm.password"
        name="password"
        onBlur={[Function]}
        onChange={[Function]}
        onDragStart={[Function]}
        onDrop={[Function]}
        onFocus={[Function]}
        placeholder="SignupForm.passwordPlaceholder"
        type="password"
        value=""
      />
    </div>
  </div>
  <div
    className={undefined}
  >
    <p
      className={undefined}
    >
      <span
        className={undefined}
      >
        <span>
          SignupForm.termsAndConditionsAcceptText
        </span>
      </span>
    </p>
    <button
      className=""
      disabled={true}
      type="submit"
    >
      <span>
        SignupForm.signUp
      </span>
    </button>
  </div>
</form>
`;
