// Jest Snapshot v1, https://goo.gl/fbAQLP

exports[`LoginForm matches snapshot 1`] = `
<form
  action="/"
  className="root"
  method="post"
  onSubmit={[Function]}
>
  <div>
    <div
      className="root"
    >
      <label
        htmlFor="email"
      >
        LoginForm.emailLabel
      </label>
      <input
        autoComplete="email"
        className="input"
        id="email"
        name="email"
        onBlur={[Function]}
        onChange={[Function]}
        onFocus={[Function]}
        placeholder="LoginForm.emailPlaceholder"
        type="email"
        value=""
      />
    </div>
    <div
      className="root password"
    >
      <label
        htmlFor="password"
      >
        LoginForm.passwordLabel
      </label>
      <input
        autoComplete="current-password"
        className="input"
        id="password"
        name="password"
        onBlur={[Function]}
        onChange={[Function]}
        onFocus={[Function]}
        placeholder="LoginForm.passwordPlaceholder"
        type="password"
        value=""
      />
    </div>
  </div>
  <div
    className="bottomWrapper"
  >
    <p
      className="bottomWrapperText"
    >
      <span
        className="recoveryLinkInfo"
      >
        <span>
          LoginForm.forgotPasswordInfo
        </span>
      </span>
    </p>
    <button
      className="primaryButtonRoot primaryButton"
      disabled={true}
      type="submit"
    >
      <span>
        LoginForm.logIn
      </span>
    </button>
  </div>
</form>
`;
