exports[`ListingCard matches snapshot 1`] = `
<div>
  <div>
    <div>
      <div>
        <div>
          <img
            alt="No image"
            src="noImageIcon.svg" />
          <div>
            No image
          </div>
        </div>
      </div>
    </div>
  </div>
  <div>
    <div>
      <withFlattenedRoutes(withRouter(NamedLink))
        name="ListingPage"
        params={
          Object {
            "id": "listing1",
            "slug": "listing1-title",
          }
        }>
        listing1 title
      </withFlattenedRoutes(withRouter(NamedLink))>
      <div
        title={55}>
        55
      </div>
    </div>
    <div>
      listing1 description
    </div>
    <div>
      <div>
        listing1 address
      </div>
    </div>
    <hr />
    <div>
      <div>
        <img
          alt="user1 first name user1 last name"
          src="https://placehold.it/44x44" />
      </div>
      <div>
        <span>
          user1 first name user1 last name
        </span>
      </div>
    </div>
  </div>
</div>
`;
