exports[`ListingCard matches snapshot 1`] = `
<div>
  <div>
    <div>
      <div>
        <div>
          <img
            alt="No image"
            src="noImageIcon.svg" />
          <div>
            No image
          </div>
        </div>
      </div>
    </div>
  </div>
  <div>
    <div>
      <withFlattenedRoutes(withRouter(NamedLink))
        name="ListingPage"
        params={
          Object {
            "id": "listing1",
            "slug": "listing1-title",
          }
        }>
        listing1 title
      </withFlattenedRoutes(withRouter(NamedLink))>
      <div>
        55€ / day
      </div>
    </div>
    <div>
      listing1 description
    </div>
    <div>
      <div>
        listing1 address
      </div>
      <div>
        (
        <span>
          3
        </span>
        <span>
          /5
        </span>
        )
         
        <span>
          10
           reviews
        </span>
      </div>
    </div>
    <hr />
    <div>
      <div>
        <img
          alt="user1 first name user1 last name"
          src="http://placehold.it/44x44" />
      </div>
      <div>
        <span>
          user1 first name user1 last name
        </span>
        <div>
          review: 
          <span>
            4
          </span>
          <span>
            /5
          </span>
        </div>
      </div>
    </div>
  </div>
</div>
`;
