exports[`EditListingLocationForm matches snapshot 1`] = `
<form
  onSubmit={[Function]}>
  <Field
    autoFocus={true}
    component={[Function]}
    format={null}
    label="EditListingLocationForm.location"
    name="location"
    validate={
      Array [
        [Function],
        [Function],
      ]
    } />
  <Button
    className={null}
    rootClassName=""
    type="submit">
    Next: pricing
  </Button>
</form>
`;
