exports[`MapPanel matches snapshot 1`] = `
<div>
  <div>
    Map
  </div>
  <div />
  <withFlattenedRoutes(withRouter(NamedLink))
    name="SearchFiltersPage">
    Filters
  </withFlattenedRoutes(withRouter(NamedLink))>
  <withFlattenedRoutes(withRouter(NamedLink))
    name="SearchListingsPage">
    X
  </withFlattenedRoutes(withRouter(NamedLink))>
</div>
`;
