exports[`MapPanel matches snapshot 1`] = `
<div>
  <div>
    Map
  </div>
  <div />
  <NamedLink
    hash=""
    name="SearchFiltersPage"
    params={Object {}}
    search=""
    state={Object {}}>
    Filters
  </NamedLink>
  <NamedLink
    hash=""
    name="SearchListingsPage"
    params={Object {}}
    search=""
    state={Object {}}>
    X
  </NamedLink>
</div>
`;
