exports[`SearchResultsPanel matches snapshot 1`] = `
<div>
  <Menu />
  <div>
    <withFlattenedRoutes(NamedLink)
      name="SearchFiltersPage">
      Filters
    </withFlattenedRoutes(NamedLink)>
    <withFlattenedRoutes(NamedLink)
      name="SearchMapPage">
      Map
    </withFlattenedRoutes(NamedLink)>
  </div>
</div>
`;
