exports[`SearchResultsPanel matches snapshot 1`] = `
<div>
  <Menu />
  <div>
    <NamedLink
      hash=""
      name="SearchFiltersPage"
      params={Object {}}
      search=""
      state={Object {}}>
      Filters
    </NamedLink>
    <NamedLink
      hash=""
      name="SearchMapPage"
      params={Object {}}
      search=""
      state={Object {}}>
      Map
    </NamedLink>
  </div>
</div>
`;
