exports[`HeroSearchForm matches snapshot 1`] = `
<form
  onSubmit={[Function]}>
  <input
    className={undefined}
    name="location"
    onBlur={[Function]}
    onChange={[Function]}
    onDragStart={[Function]}
    onDrop={[Function]}
    onFocus={[Function]}
    placeholder="Location search (soon)"
    type="text"
    value="" />
  <button
    className={undefined}
    disabled={true}
    type="submit">
    <span>
      Search
    </span>
  </button>
</form>
`;
