exports[`HeroSearchForm matches snapshot 1`] = `
<form
  onSubmit={[Function]}>
  <div
    className={undefined}>
    <input
      className=""
      name="location"
      onBlur={[Function]}
      onChange={[Function]}
      onFocus={[Function]}
      onKeyDown={[Function]}
      placeholder="Search by location, e.g. New York"
      type="search"
      value="" />
  </div>
  <button
    className=""
    disabled={true}
    type="submit">
    <span>
      Search
    </span>
  </button>
</form>
`;
