exports[`FilterPanel matches snapshot 1`] = `
<div>
  <h1>
    Filters
  </h1>
  <withFlattenedRoutes(withRouter(NamedLink))
    name="SearchListingsPage">
    See studios
  </withFlattenedRoutes(withRouter(NamedLink))>
  <withFlattenedRoutes(withRouter(NamedLink))
    name="SearchListingsPage">
    X
  </withFlattenedRoutes(withRouter(NamedLink))>
</div>
`;
