exports[`FilterPanel matches snapshot 1`] = `
<div>
  <h1>
    Filters
  </h1>
  <NamedLink
    hash=""
    name="SearchListingsPage"
    params={Object {}}
    query={Object {}}
    state={Object {}}>
    See studios
  </NamedLink>
  <NamedLink
    hash=""
    name="SearchListingsPage"
    params={Object {}}
    query={Object {}}
    state={Object {}}>
    X
  </NamedLink>
</div>
`;
