// Jest Snapshot v1, https://goo.gl/fbAQLP

exports[`LandingPage matches snapshot 1`] = `
<PageBuilder
  className="root"
  contentType="website"
  description="LandingPage.schemaDescription"
  facebookImages={
    Array [
      Object {
        "height": 630,
        "url": "saunatimeFacebook-1200x630.jpg",
        "width": 1200,
      },
    ]
  }
  fallbackPage={
    <PageBuilder
      className="root"
      contentType="website"
      description="LandingPage.schemaDescription"
      pageAssetsData={
        Object {
          "sections": Array [
            Object {
              "background": Object {
                "color": "#ffff00",
                "type": "hexColor",
              },
              "blocks": Array [
                Object {
                  "blockId": "hero-content",
                  "blockType": "default-block",
                  "callToAction": Object {
                    "href": "/s",
                    "label": "Browse marketplace",
                    "type": "internalButtonLink",
                  },
                  "media": Object {
                    "alt": "First image",
                    "image": Object {
                      "attributes": Object {
                        "variants": Object {
                          "square1x": Object {
                            "height": 400,
                            "url": "https://picsum.photos/400/400",
                            "width": 400,
                          },
                          "square2x": Object {
                            "height": 800,
                            "url": "https://picsum.photos/800/800",
                            "width": 800,
                          },
                        },
                      },
                      "id": "image",
                      "type": "imageAsset",
                    },
                    "type": "image",
                  },
                  "text": Object {
                    "content": "### My unique marketplace for booking listings
### You can also list your services here!",
                    "type": "markdown",
                  },
                  "title": Object {
                    "content": "My marketplace",
                    "type": "heading1",
                  },
                },
              ],
              "sectionId": "hero",
              "sectionType": "features",
            },
          ],
        }
      }
      schema={
        Object {
          "@context": "http://schema.org",
          "@type": "WebPage",
          "description": "LandingPage.schemaDescription",
          "image": Array [
            "http://localhost:3000saunatimeFacebook-1200x630.jpg",
          ],
          "name": "LandingPage.schemaTitle",
        }
      }
      title="LandingPage.schemaTitle"
    />
  }
  schema={
    Object {
      "@context": "http://schema.org",
      "@type": "WebPage",
      "description": "LandingPage.schemaDescription",
      "image": Array [
        "http://localhost:3000saunatimeFacebook-1200x630.jpg",
      ],
      "name": "LandingPage.schemaTitle",
    }
  }
  title="LandingPage.schemaTitle"
  twitterImages={
    Array [
      Object {
        "height": 314,
        "url": "http://localhost:3000saunatimeTwitter-600x314.jpg",
        "width": 600,
      },
    ]
  }
/>
`;
