// Jest Snapshot v1, https://goo.gl/fbAQLP

exports[`LandingPage matches snapshot 1`] = `
<PageBuilder
  className="root"
  contentType="website"
  description="LandingPage.schemaDescription"
  facebookImages={
    Array [
      Object {
        "height": 630,
        "url": "saunatimeFacebook-1200x630.jpg",
        "width": 1200,
      },
    ]
  }
  fallbackPage={
    <PageBuilder
      className="root"
      contentType="website"
      description="LandingPage.schemaDescription"
      options={
        Object {
          "sectionComponents": Object {
            "custom-explore": Object {
              "component": [Function],
            },
            "custom-hero": Object {
              "component": [Function],
            },
            "custom-how-it-works": Object {
              "component": [Function],
            },
          },
        }
      }
      pageAssetsData={
        Object {
          "sections": Array [
            Object {
              "sectionId": "hero",
              "sectionType": "custom-hero",
            },
            Object {
              "sectionId": "explore",
              "sectionType": "custom-explore",
            },
            Object {
              "sectionId": "how-it-works",
              "sectionType": "custom-how-it-works",
            },
          ],
        }
      }
      schema={
        Object {
          "@context": "http://schema.org",
          "@type": "WebPage",
          "description": "LandingPage.schemaDescription",
          "image": Array [
            "http://localhost:3000saunatimeFacebook-1200x630.jpg",
          ],
          "name": "LandingPage.schemaTitle",
        }
      }
      title="LandingPage.schemaTitle"
    />
  }
  schema={
    Object {
      "@context": "http://schema.org",
      "@type": "WebPage",
      "description": "LandingPage.schemaDescription",
      "image": Array [
        "http://localhost:3000saunatimeFacebook-1200x630.jpg",
      ],
      "name": "LandingPage.schemaTitle",
    }
  }
  title="LandingPage.schemaTitle"
  twitterImages={
    Array [
      Object {
        "height": 314,
        "url": "http://localhost:3000saunatimeTwitter-600x314.jpg",
        "width": 600,
      },
    ]
  }
/>
`;
