exports[`LandingPage matches snapshot 1`] = `
<Page
  authInfoError={null}
  contentType="website"
  description="LandingPage.schemaDescription"
  facebookImages={
    Array [
      Object {
        "height": 630,
        "url": "saunatimeFacebook-1200x630.jpg",
        "width": 1200,
      },
    ]
  }
  logoutError={null}
  schema="
        {
          \"@context\": \"http://schema.org\",
          \"@type\": \"WebPage\",
          \"description\": \"LandingPage.schemaDescription\",
          \"name\": \"LandingPage.schemaTitle\",
          \"image\": [
            \"http://localhost:3000/saunatimeFacebook-1200x630.jpg\"
          ]
        }
      "
  scrollingDisabled={false}
  title="LandingPage.schemaTitle"
  twitterImages={
    Array [
      Object {
        "height": 314,
        "url": "saunatimeTwitter-600x314.jpg",
        "width": 600,
      },
    ]
  }>
  <Topbar
    authInProgress={false}
    currentUser={null}
    currentUserHasListings={false}
    currentUserHasOrders={null}
    history={
      Object {
        "push": [Function],
      }
    }
    isAuthenticated={false}
    location={
      Object {
        "search": "",
      }
    }
    notificationCount={0}
    onLogout={[Function]}
    onManageDisableScrolling={[Function]}
    onResendVerificationEmail={[Function]}
    sendVerificationEmailError={null}
    sendVerificationEmailInProgress={false} />
  <div>
    <HeroSection
      className={null}
      flattenedRoutes={Array []}
      history={
        Object {
          "push": [Function],
        }
      }
      location={
        Object {
          "search": "",
        }
      }
      rootClassName={null} />
  </div>
</Page>
`;
