exports[`LoginForm matches snapshot 1`] = `
<form
  className=""
  onSubmit={[Function]}>
  <div>
    <div
      className="">
      <label
        htmlFor="LoginForm.email">
        Email
      </label>
      <input
        className=""
        id="LoginForm.email"
        name="email"
        onBlur={[Function]}
        onChange={[Function]}
        onDragStart={[Function]}
        onDrop={[Function]}
        onFocus={[Function]}
        placeholder="john.doe@example.com"
        type="email"
        value="" />
    </div>
    <div
      className="">
      <label
        htmlFor="LoginForm.password">
        Password
      </label>
      <input
        className=""
        id="LoginForm.password"
        name="password"
        onBlur={[Function]}
        onChange={[Function]}
        onDragStart={[Function]}
        onDrop={[Function]}
        onFocus={[Function]}
        placeholder="Enter your password…"
        type="password"
        value="" />
    </div>
  </div>
  <div
    className={undefined}>
    <p
      className={undefined}>
      <span
        className={undefined}>
        <span>
          Forgot your password? 
          <a
            className=""
            href="/recover-password"
            onClick={[Function]}
            style={Object {}}
            title={null}>
            <span>
              Reset password.
            </span>
          </a>
        </span>
      </span>
    </p>
    <button
      className=""
      disabled={true}
      type="submit">
      <span>
        Log in
      </span>
    </button>
  </div>
</form>
`;
