exports[`LoginForm matches snapshot 1`] = `
<form
  className={undefined}
  onSubmit={[Function]}>
  <div>
    <div
      className="">
      <label
        className={undefined}
        htmlFor="email">
        Email
      </label>
      <input
        autoFocus={false}
        className=""
        name="email"
        onBlur={[Function]}
        onChange={[Function]}
        onDragStart={[Function]}
        onDrop={[Function]}
        onFocus={[Function]}
        placeholder={null}
        type="email"
        value="" />
    </div>
    <div
      className="">
      <label
        className={undefined}
        htmlFor="password">
        Password
      </label>
      <input
        autoFocus={false}
        className=""
        name="password"
        onBlur={[Function]}
        onChange={[Function]}
        onDragStart={[Function]}
        onDrop={[Function]}
        onFocus={[Function]}
        placeholder={null}
        type="password"
        value="" />
    </div>
  </div>
  <button
    className=""
    disabled={true}
    type="submit">
    <span>
      Log in
    </span>
  </button>
</form>
`;
