exports[`LoginForm matches snapshot 1`] = `
<form
  onSubmit={[Function]}>
  <label
    htmlFor="email">
    Email
  </label>
  <input
    className=""
    name="email"
    onBlur={[Function]}
    onChange={[Function]}
    onDragStart={[Function]}
    onDrop={[Function]}
    onFocus={[Function]}
    type="email"
    value="" />
  <label
    htmlFor="password">
    Password
  </label>
  <input
    className=""
    name="password"
    onBlur={[Function]}
    onChange={[Function]}
    onDragStart={[Function]}
    onDrop={[Function]}
    onFocus={[Function]}
    type="password"
    value="" />
  <p>
    Forgot password?
  </p>
  <button
    className=""
    disabled={true}
    type="submit">
    Log in
  </button>
</form>
`;
