exports[`ContactDetailsPage matches snapshot 1`] = `
<Page
  authInfoError={null}
  logoutError={null}
  title="PasswordRecoveryPage.title">
  <Connect(withRouter(TopbarContainerComponent)) />
  <div>
    <div>
      <IconKeys
        className={null} />
      <h1>
        <FormattedMessage
          id="PasswordRecoveryPage.forgotPasswordTitle"
          values={Object {}} />
      </h1>
      <p>
        <FormattedMessage
          id="PasswordRecoveryPage.forgotPasswordMessage"
          values={Object {}} />
      </p>
      <ReduxForm
        inProgress={false}
        initialValues={
          Object {
            "email": null,
          }
        }
        onChange={[Function]}
        onSubmit={[Function]}
        recoveryError={null} />
    </div>
  </div>
</Page>
`;
