exports[`ContactDetailsPage matches snapshot 1`] = `
<withRouter(PageLayout)
  authInfoError={null}
  logoutError={null}
  title="PasswordRecoveryPage.title">
  <Topbar
    authInProgress={false}
    currentUser={null}
    currentUserHasListings={false}
    currentUserHasOrders={null}
    history={
      Object {
        "push": [Function],
      }
    }
    isAuthenticated={false}
    location={
      Object {
        "search": "",
      }
    }
    notificationCount={0}
    onLogout={[Function]}
    onManageDisableScrolling={[Function]}
    onResendVerificationEmail={[Function]}
    sendVerificationEmailError={null}
    sendVerificationEmailInProgress={false} />
  <div>
    <div>
      <IconKeys
        className={null} />
      <h1>
        <FormattedMessage
          id="PasswordRecoveryPage.forgotPasswordTitle"
          values={Object {}} />
      </h1>
      <p>
        <FormattedMessage
          id="PasswordRecoveryPage.forgotPasswordMessage"
          values={Object {}} />
      </p>
      <ReduxForm
        initialValues={
          Object {
            "email": null,
          }
        }
        onChange={[Function]}
        onSubmit={[Function]}
        recoveryError={null} />
    </div>
  </div>
</withRouter(PageLayout)>
`;
