// Jest Snapshot v1, https://goo.gl/fbAQLP

exports[`SectionHero matches snapshot 1`] = `
<div
  className="root"
>
  <div
    className="heroContent"
  >
    <h1
      className="heroMainTitle"
    >
      <span>
        SectionHero.title
      </span>
    </h1>
    <h2
      className="heroSubTitle"
    >
      <span>
        SectionHero.subTitle
      </span>
    </h2>
    <a
      className="heroButton"
      href="/s?address=Seattle%2C%20Washington%2C%20United%20States&bounds=47.71800012%2C-122.22191762%2C47.50412967%2C-122.45063584"
      onClick={[Function]}
      onMouseOver={[Function]}
      onTouchStart={[Function]}
      style={Object {}}
      title={null}
    >
      <span>
        SectionHero.browseButton
      </span>
    </a>
  </div>
</div>
`;
