// Jest Snapshot v1, https://goo.gl/fbAQLP

exports[`DateInput matches snapshot 1`] = `
<div
  className=""
>
  <div
    className="SingleDatePicker SingleDatePicker_1"
  >
    <div>
      <div
        className="SingleDatePickerInput SingleDatePickerInput_1"
      >
        <div
          className="DateInput DateInput_1"
        >
          <input
            aria-describedby="DateInput__screen-reader-message-bookingDate"
            aria-label="today"
            autoComplete="off"
            className="DateInput_input DateInput_input_1"
            disabled={false}
            id="bookingDate"
            name="bookingDate"
            onChange={[Function]}
            onFocus={[Function]}
            onKeyDown={[Function]}
            placeholder="today"
            readOnly={false}
            required={false}
            type="text"
            value=""
          />
          <p
            className="DateInput_screenReaderMessage DateInput_screenReaderMessage_1"
            id="DateInput__screen-reader-message-bookingDate"
          >
            FieldDateInput.screenReaderInputMessage
          </p>
        </div>
      </div>
    </div>
  </div>
</div>
`;
