exports[`EditListingPageComponent matches snapshot 1`] = `
<Connect(withRouter(PageLayout))
  title="EditListingPage.titleCreateListing">
  <EditListingWizard
    className={null}
    flattenedRoutes={Array []}
    history={
      Object {
        "push": [Function],
      }
    }
    images={Array []}
    listing={null}
    onCreateListing={[Function]}
    onCreateListingDraft={[Function]}
    onImageUpload={[Function]}
    onUpdateImageOrder={[Function]}
    onUpdateListingDraft={[Function]}
    rootClassName={null}
    selectedTab="description"
    stripeConnected={false} />
</Connect(withRouter(PageLayout))>
`;
