exports[`EditListingPageComponent matches snapshot 1`] = `
<Connect(withRouter(PageLayout))
  scrollingDisabled={false}
  title="EditListingPage.titleCreateListing">
  <Topbar
    history={
      Object {
        "push": [Function],
      }
    }
    location={
      Object {
        "search": "",
      }
    } />
  <EditListingWizard
    className={null}
    currentUser={null}
    fetchInProgress={false}
    flattenedRoutes={Array []}
    history={
      Object {
        "push": [Function],
      }
    }
    images={Array []}
    listing={null}
    onCreateListing={[Function]}
    onCreateListingDraft={[Function]}
    onImageUpload={[Function]}
    onManageDisableScrolling={[Function]}
    onPayoutDetailsSubmit={[Function]}
    onUpdateImageOrder={[Function]}
    onUpdateListingDraft={[Function]}
    rootClassName={null}
    selectedTab="description" />
</Connect(withRouter(PageLayout))>
`;
