exports[`EditListingPageComponent matches snapshot 1`] = `
<withRouter(PageLayout)
  authInfoError={null}
  logoutError={null}
  scrollingDisabled={false}
  title="EditListingPage.titleCreateListing">
  <Topbar
    authInProgress={false}
    currentUser={null}
    currentUserHasListings={false}
    currentUserHasOrders={null}
    history={
      Object {
        "push": [Function],
      }
    }
    isAuthenticated={false}
    location={
      Object {
        "search": "",
      }
    }
    notificationCount={0}
    onLogout={[Function]}
    onManageDisableScrolling={[Function]}
    onResendVerificationEmail={[Function]}
    sendVerificationEmailError={null}
    sendVerificationEmailInProgress={false} />
  <InjectIntl(EditListingWizard)
    currentUser={null}
    errors={
      Object {
        "createListingsError": null,
        "showListingsError": null,
        "updateListingError": null,
        "uploadImageError": null,
      }
    }
    fetchInProgress={false}
    flattenedRoutes={Array []}
    history={
      Object {
        "push": [Function],
      }
    }
    images={Array []}
    onChange={[Function]}
    onCreateListing={[Function]}
    onCreateListingDraft={[Function]}
    onImageUpload={[Function]}
    onManageDisableScrolling={[Function]}
    onPayoutDetailsSubmit={[Function]}
    onRemoveImage={[Function]}
    onUpdateImageOrder={[Function]}
    onUpdateListing={[Function]}
    onUpdateListingDraft={[Function]}
    params={
      Object {
        "id": "id",
        "slug": "slug",
        "tab": "description",
        "type": "new",
      }
    } />
</withRouter(PageLayout)>
`;
