// Jest Snapshot v1, https://goo.gl/fbAQLP

exports[`SignupForm matches snapshot 1`] = `
<form
  action="/"
  className="root"
  method="post"
  onSubmit={[Function]}
>
  <div>
    <div
      className="root"
    >
      <label
        htmlFor="email"
      >
        SignupForm.emailLabel
      </label>
      <input
        autoComplete="email"
        className="input"
        id="email"
        name="email"
        onBlur={[Function]}
        onChange={[Function]}
        onFocus={[Function]}
        placeholder="SignupForm.emailPlaceholder"
        type="email"
        value=""
      />
    </div>
    <div
      className="name"
    >
      <div
        className="root firstNameRoot"
      >
        <label
          htmlFor="fname"
        >
          SignupForm.firstNameLabel
        </label>
        <input
          autoComplete="given-name"
          className="input"
          id="fname"
          name="fname"
          onBlur={[Function]}
          onChange={[Function]}
          onFocus={[Function]}
          placeholder="SignupForm.firstNamePlaceholder"
          type="text"
          value=""
        />
      </div>
      <div
        className="root lastNameRoot"
      >
        <label
          htmlFor="lname"
        >
          SignupForm.lastNameLabel
        </label>
        <input
          autoComplete="family-name"
          className="input"
          id="lname"
          name="lname"
          onBlur={[Function]}
          onChange={[Function]}
          onFocus={[Function]}
          placeholder="SignupForm.lastNamePlaceholder"
          type="text"
          value=""
        />
      </div>
    </div>
    <div
      className="root password"
    >
      <label
        htmlFor="password"
      >
        SignupForm.passwordLabel
      </label>
      <input
        autoComplete="new-password"
        className="input"
        id="password"
        name="password"
        onBlur={[Function]}
        onChange={[Function]}
        onFocus={[Function]}
        placeholder="SignupForm.passwordPlaceholder"
        type="password"
        value=""
      />
    </div>
  </div>
  <div
    className="bottomWrapper"
  >
    <p
      className="bottomWrapperText"
    >
      <span
        className="termsText"
      >
        <span>
          SignupForm.termsAndConditionsAcceptText
        </span>
      </span>
    </p>
    <button
      className="primaryButtonRoot primaryButton"
      disabled={true}
      type="submit"
    >
      <span>
        SignupForm.signUp
      </span>
    </button>
  </div>
</form>
`;
