// Jest Snapshot v1, https://goo.gl/fbAQLP

exports[`ModalInMobile no extra classes when window is missing 1`] = `
<div
  className="root test-class-from-props"
>
  <div
    className="scrollLayer"
  >
    <div
      className="modalContainer"
    >
      <div
        className="modalContent"
      >
        Content
      </div>
    </div>
  </div>
</div>
`;
