// Jest Snapshot v1, https://goo.gl/fbAQLP

exports[`DateRangeInput matches snapshot 1`] = `
<div
  className=""
>
  <div
    className="DateRangePicker DateRangePicker_1"
  >
    <div>
      <div
        className="DateRangePickerInput DateRangePickerInput_1"
      >
        <div
          className="DateInput DateInput_1"
        >
          <input
            aria-describedby="DateInput__screen-reader-message-bookingStartDate"
            aria-label="today"
            autoComplete="off"
            className="DateInput_input DateInput_input_1"
            disabled={false}
            id="bookingStartDate"
            name="bookingStartDate"
            onChange={[Function]}
            onFocus={[Function]}
            onKeyDown={[Function]}
            placeholder="today"
            readOnly={false}
            required={false}
            type="text"
            value=""
          />
          <p
            className="DateInput_screenReaderMessage DateInput_screenReaderMessage_1"
            id="DateInput__screen-reader-message-bookingStartDate"
          >
            FieldDateRangeInput.screenReaderInputMessage
          </p>
        </div>
        <div
          aria-hidden="true"
          className="DateRangePickerInput_arrow DateRangePickerInput_arrow_1"
          role="presentation"
        >
          <span />
        </div>
        <div
          className="DateInput DateInput_1"
        >
          <input
            aria-describedby="DateInput__screen-reader-message-bookingEndDate"
            aria-label="tomorrow"
            autoComplete="off"
            className="DateInput_input DateInput_input_1"
            disabled={false}
            id="bookingEndDate"
            name="bookingEndDate"
            onChange={[Function]}
            onFocus={[Function]}
            onKeyDown={[Function]}
            placeholder="tomorrow"
            readOnly={false}
            required={false}
            type="text"
            value=""
          />
          <p
            className="DateInput_screenReaderMessage DateInput_screenReaderMessage_1"
            id="DateInput__screen-reader-message-bookingEndDate"
          >
            FieldDateRangeInput.screenReaderInputMessage
          </p>
        </div>
      </div>
    </div>
  </div>
</div>
`;
