exports[`CheckoutPage matches snapshot 1`] = `
<Connect(withRouter(PageLayout))
  title="CheckoutPage.title">
  <h1>
    CheckoutPage.title
  </h1>
  <AuthorInfo
    author={
      Object {
        "attributes": Object {
          "profile": Object {
            "firstName": "author first name",
            "lastName": "author last name",
          },
        },
        "id": UUID {
          "uuid": "author",
        },
        "type": "user",
      }
    }
    className={null} />
  <BookingInfo
    bookingEnd={2017-04-16T00:00:00.000Z}
    bookingStart={2017-04-14T00:00:00.000Z}
    unitPrice={
      Money {
        "amount": 5500,
        "currency": "USD",
      }
    } />
  <section>
    <h2>
      <FormattedMessage
        id="CheckoutPage.paymentTitle"
        values={Object {}} />
    </h2>
    <p>
      <FormattedMessage
        id="CheckoutPage.paymentInfo"
        values={Object {}} />
    </p>
    <InjectIntl(StripePaymentForm)
      disableSubmit={false}
      onSubmit={[Function]} />
  </section>
</Connect(withRouter(PageLayout))>
`;
