exports[`CheckoutPage matches snapshot 1`] = `
<withRouter(PageLayout)
  authInfoError={null}
  logoutError={null}
  title="CheckoutPage.title">
  <div>
    <withFlattenedRoutes(withRouter(NamedLink))
      name="LandingPage">
      <LogoIcon
        alt="Logo"
        className={null}
        isMobile={true}
        title="CheckoutPage.goToLandingPage" />
      <LogoIcon
        alt="CheckoutPage.goToLandingPage"
        className={null}
        isMobile={false} />
    </withFlattenedRoutes(withRouter(NamedLink))>
  </div>
  <div>
    <FormattedMessage
      id="CheckoutPage.loadingData"
      values={Object {}} />
  </div>
</withRouter(PageLayout)>
`;
