// Jest Snapshot v1, https://goo.gl/fbAQLP

exports[`NotFoundPageComponent matches snapshot 1`] = `
<Page
  authInfoError={null}
  logoutError={null}
  scrollingDisabled={false}
  title="NotFoundPage.title"
>
  <withRouter(Connect(TopbarContainerComponent)) />
  <div>
    <div>
      <div>
        404
      </div>
      <h1>
        <FormattedMessage
          id="NotFoundPage.heading"
          values={Object {}}
        />
      </h1>
      <p>
        <FormattedMessage
          id="NotFoundPage.description"
          values={Object {}}
        />
      </p>
      <ReduxForm
        onSubmit={[Function]}
      />
    </div>
  </div>
</Page>
`;
