exports[`OrderDetailsPanel matches snapshot 1`] = `
<div
  className="">
  <div>
    <div>
      <ResponsiveImage
        alt="listing1 title"
        className={null}
        image={null}
        nameSet={
          Array [
            Object {
              "name": "landscape-crop",
              "size": "400w",
            },
            Object {
              "name": "landscape-crop2x",
              "size": "800w",
            },
          ]
        }
        rootClassName={null}
        sizes="100vw" />
    </div>
    <div
      className="">
      <AvatarMedium
        firstName="provider first name"
        lastName="provider last name" />
    </div>
    <div>
      <h1>
        <span>
          <span>
            <FormattedMessage
              id="OrderDetailsPanel.orderPreauthorizedTitle"
              values={
                Object {
                  "customerName": "customer first name",
                }
              } />
          </span>
          <FormattedMessage
            id="OrderDetailsPanel.orderPreauthorizedSubtitle"
            values={
              Object {
                "listingLink": <withFlattenedRoutes(withRouter(NamedLink))
                  name="ListingPage"
                  params={
                      Object {
                          "id": "listing1",
                          "slug": "listing1-title",
                        }
                  }>
                  listing1 title
              </withFlattenedRoutes(withRouter(NamedLink))>,
              }
            } />
        </span>
      </h1>
      <div>
        <FormattedMessage
          id="OrderDetailsPanel.orderPreauthorizedStatus"
          values={
            Object {
              "providerName": "provider first name",
            }
          } />
      </div>
    </div>
    <div>
      <div>
        <h3>
          <FormattedMessage
            id="OrderDetailsPanel.bookingBreakdownTitle"
            values={Object {}} />
        </h3>
        <BookingBreakdown
          bookingEnd={2017-06-13T00:00:00.000Z}
          bookingStart={2017-06-10T00:00:00.000Z}
          lineItems={
            Array [
              Object {
                "code": "line-item/night",
                "lineTotal": Money {
                  "amount": 16500,
                  "currency": "USD",
                },
                "quantity": "3",
                "unitPrice": Money {
                  "amount": 5500,
                  "currency": "USD",
                },
              },
              Object {
                "code": "line-item/provider-commission",
                "lineTotal": Money {
                  "amount": -100,
                  "currency": "USD",
                },
                "unitPrice": Money {
                  "amount": -100,
                  "currency": "USD",
                },
              },
            ]
          }
          payinTotal={
            Money {
              "amount": 16500,
              "currency": "USD",
            }
          }
          userRole="customer" />
      </div>
      <div>
        <div>
          <ResponsiveImage
            alt="listing1 title"
            className={null}
            image={null}
            nameSet={
              Array [
                Object {
                  "name": "landscape-crop",
                  "size": "400w",
                },
                Object {
                  "name": "landscape-crop2x",
                  "size": "800w",
                },
              ]
            }
            rootClassName={null}
            sizes="100%" />
        </div>
        <div>
          <AvatarMedium
            firstName="provider first name"
            lastName="provider last name" />
        </div>
        <div>
          <h2>
            listing1 title
          </h2>
          <p>
            <FormattedMessage
              id="OrderDetailsPanel.hostedBy"
              values={
                Object {
                  "name": "provider first name",
                }
              } />
          </p>
        </div>
        <h3>
          <FormattedMessage
            id="OrderDetailsPanel.bookingBreakdownTitle"
            values={Object {}} />
        </h3>
        <BookingBreakdown
          bookingEnd={2017-06-13T00:00:00.000Z}
          bookingStart={2017-06-10T00:00:00.000Z}
          lineItems={
            Array [
              Object {
                "code": "line-item/night",
                "lineTotal": Money {
                  "amount": 16500,
                  "currency": "USD",
                },
                "quantity": "3",
                "unitPrice": Money {
                  "amount": 5500,
                  "currency": "USD",
                },
              },
              Object {
                "code": "line-item/provider-commission",
                "lineTotal": Money {
                  "amount": -100,
                  "currency": "USD",
                },
                "unitPrice": Money {
                  "amount": -100,
                  "currency": "USD",
                },
              },
            ]
          }
          payinTotal={
            Money {
              "amount": 16500,
              "currency": "USD",
            }
          }
          userRole="customer" />
      </div>
    </div>
  </div>
</div>
`;
