// Jest Snapshot v1, https://goo.gl/fbAQLP

exports[`PasswordChangePage matches snapshot 1`] = `
<Page
  authInfoError={null}
  logoutError={null}
  scrollingDisabled={false}
  title="Contact details"
>
  <LayoutSideNavigation
    className={null}
    containerClassName={null}
    rootClassName={null}
  >
    <LayoutWrapperTopbar
      className={null}
      rootClassName={null}
    >
      <withRouter(Connect(TopbarContainerComponent))
        currentPage="PasswordChangePage"
      />
      <UserNav
        className={null}
        rootClassName={null}
        selectedPageName="PasswordChangePage"
      />
    </LayoutWrapperTopbar>
    <LayoutWrapperSideNav
      className={null}
      rootClassName={null}
    >
      <TabNav
        className={null}
        rootClassName={null}
        tabClassName={null}
        tabRootClassName={null}
        tabs={
          Array [
            Object {
              "linkProps": Object {
                "name": "ContactDetailsPage",
              },
              "selected": false,
              "text": <FormattedMessage
                id="PasswordChangePage.emailTabTitle"
                values={Object {}}
          />,
            },
            Object {
              "linkProps": Object {
                "name": "PasswordChangePage",
              },
              "selected": true,
              "text": <FormattedMessage
                id="PasswordChangePage.passwordTabTitle"
                values={Object {}}
          />,
            },
          ]
        }
      />
    </LayoutWrapperSideNav>
    <LayoutWrapperMain
      className={null}
      rootClassName={null}
    >
      <div>
        <h1>
          <FormattedMessage
            id="PasswordChangePage.title"
            values={Object {}}
          />
        </h1>
      </div>
    </LayoutWrapperMain>
    <LayoutWrapperFooter
      className={null}
      rootClassName={null}
    >
      <InjectIntl(Footer) />
    </LayoutWrapperFooter>
  </LayoutSideNavigation>
</Page>
`;
