exports[`InboxPage matches snapshot 1`] = `
<Connect(PageLayout)
  title="sales page">
  <ul>
    <li>
      <NamedLink
        hash=""
        name="SalePage"
        params={
          Object {
            "id": 1234,
          }
        }
        search=""
        state={Object {}}>
        Single thread
      </NamedLink>
    </li>
  </ul>
</Connect(PageLayout)>
`;
