// Jest Snapshot v1, https://goo.gl/fbAQLP

exports[`ContactDetailsPage matches snapshot 1`] = `
<Page
  authInfoError={null}
  logoutError={null}
  scrollingDisabled={false}
  title="Contact details"
>
  <LayoutSideNavigation
    className={null}
    containerClassName={null}
    rootClassName={null}
  >
    <TopbarWrapper
      className={null}
      rootClassName={null}
    >
      <withRouter(Connect(TopbarContainerComponent))
        currentPage="ContactDetailsPage"
      />
      <UserNav
        className={null}
        rootClassName={null}
        selectedPageName="ContactDetailsPage"
      />
    </TopbarWrapper>
    <SideNavWrapper
      className={null}
      rootClassName={null}
    >
      <TabNav
        className={null}
        rootClassName={null}
        tabClassName={null}
        tabRootClassName={null}
        tabs={
          Array [
            Object {
              "linkProps": Object {
                "name": "ContactDetailsPage",
              },
              "selected": true,
              "text": <FormattedMessage
                id="ContactDetailsPage.emailTabTitle"
                values={Object {}}
          />,
            },
            Object {
              "linkProps": Object {
                "name": "PasswordChangePage",
              },
              "selected": false,
              "text": <FormattedMessage
                id="ContactDetailsPage.passwordTabTitle"
                values={Object {}}
          />,
            },
          ]
        }
      />
    </SideNavWrapper>
    <ContentWrapper
      className={null}
      rootClassName={null}
    >
      <div>
        <h1>
          <FormattedMessage
            id="ContactDetailsPage.title"
            values={Object {}}
          />
        </h1>
      </div>
    </ContentWrapper>
  </LayoutSideNavigation>
</Page>
`;
