exports[`ContactDetailsPage matches snapshot 1`] = `
<withRouter(PageLayout)
  authInfoError={null}
  logoutError={null}
  title="Manage listings">
  <Topbar
    authInProgress={false}
    currentPage="ManageListingsPage"
    currentUser={null}
    currentUserHasListings={false}
    history={
      Object {
        "push": [Function],
      }
    }
    isAuthenticated={false}
    location={
      Object {
        "search": "",
      }
    }
    notificationCount={0}
    onLogout={[Function]}
    onManageDisableScrolling={[Function]} />
  <UserNav
    className={null}
    rootClassName={null}
    selectedPageName="ManageListingsPage" />
  <div>
    <div />
  </div>
</withRouter(PageLayout)>
`;
