exports[`ManageListingsPage matches snapshot 1`] = `
<Connect(PageLayout)
  title="Manage listings">
  <ul>
    <li>
      <NamedLink
        hash=""
        name="ListingPage"
        params={
          Object {
            "id": "1234",
            "slug": "some-listing",
          }
        }
        search=""
        state={Object {}}>
        Listing 1234
      </NamedLink>
    </li>
  </ul>
</Connect(PageLayout)>
`;
