exports[`AuthenticationPageComponent matches snapshot 1`] = `
<Connect(withRouter(PageLayout))
  title="AuthenticationPage.loginPageTitle">
  <div>
    <TabNav
      className={null}
      rootClassName={null}
      tabs={
        Array [
          Object {
            "linkProps": Object {
              "name": "SignupPage",
              "to": Object {
                "state": Object {
                  "from": "/protected",
                },
              },
            },
            "selected": false,
            "text": "AuthenticationPage.signupLinkText",
          },
          Object {
            "linkProps": Object {
              "name": "LoginPage",
              "to": Object {
                "state": Object {
                  "from": "/protected",
                },
              },
            },
            "selected": true,
            "text": "AuthenticationPage.loginLinkText",
          },
        ]
      } />
    <ReduxForm
      inProgress={false}
      onSubmit={[Function]} />
  </div>
</Connect(withRouter(PageLayout))>
`;
