exports[`AuthenticationPageComponent matches snapshot 1`] = `
<Connect(PageLayout)
  title="Authentication page: signup tab">
  <p>
    You must log in to view the page at
    <code>
      /protected
    </code>
  </p>
  <ReduxForm
    onSubmit={[Function]} />
  <Link
    replace={false}
    to={
      Object {
        "pathname": "/login",
        "state": Object {
          "from": "/protected",
        },
      }
    }>
    Log in
  </Link>
</Connect(PageLayout)>
`;
