exports[`AuthenticationPageComponent matches snapshot 1`] = `
<PageLayout
  authInfoError={null}
  logoutError={null}
  scrollingDisabled={false}
  title="AuthenticationPage.loginPageTitle">
  <Topbar
    authInProgress={false}
    className=""
    currentUser={null}
    currentUserHasListings={false}
    currentUserHasOrders={null}
    history={
      Object {
        "push": [Function],
      }
    }
    isAuthenticated={false}
    location={
      Object {
        "state": Object {
          "from": "/protected",
        },
      }
    }
    notificationCount={0}
    onLogout={[Function]}
    onManageDisableScrolling={[Function]}
    onResendVerificationEmail={[Function]}
    sendVerificationEmailError={null}
    sendVerificationEmailInProgress={false} />
  <div>
    <div>
      <TabNavHorizontal
        className={null}
        rootClassName={null}
        skin="light"
        tabClassName={null}
        tabRootClassName={null}
        tabs={
          Array [
            Object {
              "linkProps": Object {
                "name": "SignupPage",
                "to": Object {
                  "state": Object {
                    "from": "/protected",
                  },
                },
              },
              "selected": false,
              "text": <h1>
                <FormattedMessage
                      id="AuthenticationPage.signupLinkText"
                      values={Object {}} />
          </h1>,
            },
            Object {
              "linkProps": Object {
                "name": "LoginPage",
                "to": Object {
                  "state": Object {
                    "from": "/protected",
                  },
                },
              },
              "selected": true,
              "text": <h1>
                <FormattedMessage
                      id="AuthenticationPage.loginLinkText"
                      values={Object {}} />
          </h1>,
            },
          ]
        } />
      <ReduxForm
        inProgress={false}
        onSubmit={[Function]} />
    </div>
  </div>
</PageLayout>
`;
